-- The C compiler identification is GNU 11.4.0
-- The CXX compiler identification is GNU 11.4.0
-- Detecting C compiler ABI info
-- Detecting C compiler ABI info - done
-- Check for working C compiler: /usr/bin/cc - skipped
-- Detecting C compile features
-- Detecting C compile features - done
-- Detecting CXX compiler ABI info
-- Detecting CXX compiler ABI info - done
-- Check for working CXX compiler: /usr/bin/c++ - skipped
-- Detecting CXX compile features
-- Detecting CXX compile features - done
-- Found ament_cmake: 1.3.12 (/opt/ros/humble/share/ament_cmake/cmake)
-- Found Python3: /usr/bin/python3 (found version "3.10.12") found components: Interpreter 
-- Found rclcpp: 16.0.15 (/opt/ros/humble/share/rclcpp/cmake)
-- Found rosidl_generator_c: 3.1.7 (/opt/ros/humble/share/rosidl_generator_c/cmake)
-- Found rosidl_adapter: 3.1.7 (/opt/ros/humble/share/rosidl_adapter/cmake)
-- Found rosidl_generator_cpp: 3.1.7 (/opt/ros/humble/share/rosidl_generator_cpp/cmake)
-- Using all available rosidl_typesupport_c: rosidl_typesupport_fastrtps_c;rosidl_typesupport_introspection_c
-- Using all available rosidl_typesupport_cpp: rosidl_typesupport_fastrtps_cpp;rosidl_typesupport_introspection_cpp
-- Found rmw_implementation_cmake: 6.1.2 (/opt/ros/humble/share/rmw_implementation_cmake/cmake)
-- Found rmw_fastrtps_cpp: 6.2.9 (/opt/ros/humble/share/rmw_fastrtps_cpp/cmake)
-- Found OpenSSL: /usr/lib/aarch64-linux-gnu/libcrypto.so (found version "3.0.2")  
-- Found FastRTPS: /opt/ros/humble/include  
-- Using RMW implementation 'rmw_fastrtps_cpp' as default
-- Looking for pthread.h
-- Looking for pthread.h - found
-- Performing Test CMAKE_HAVE_LIBC_PTHREAD
-- Performing Test CMAKE_HAVE_LIBC_PTHREAD - Success
-- Found Threads: TRUE  
-- Found rclcpp_components: 16.0.15 (/opt/ros/humble/share/rclcpp_components/cmake)
-- Found message_filters: 4.3.11 (/opt/ros/humble/share/message_filters/cmake)
-- Found sensor_msgs: 4.9.0 (/opt/ros/humble/share/sensor_msgs/cmake)
-- Configuring done
-- Generating done
-- Build files have been written to: /workspaces/isaac_ros-dev/src/stereo_depth_yolo/build/stereo_depth_yolo
[ 50%] [32mBuilding CXX object CMakeFiles/stereo_header_sync_node_exe.dir/rclcpp_components/node_main_stereo_header_sync_node_exe.cpp.o[0m
[ 50%] [32mBuilding CXX object CMakeFiles/stereo_header_sync_node.dir/src/stereo_header_sync_node.cpp.o[0m
[ 75%] [32m[1mLinking CXX executable stereo_header_sync_node_exe[0m
[ 75%] Built target stereo_header_sync_node_exe
[100%] [32m[1mLinking CXX shared library libstereo_header_sync_node.so[0m
[100%] Built target stereo_header_sync_node
-- Install configuration: ""
-- Installing: /workspaces/isaac_ros-dev/src/stereo_depth_yolo/install/stereo_depth_yolo/lib/stereo_depth_yolo/stereo_header_sync_node_exe
-- Set runtime path of "/workspaces/isaac_ros-dev/src/stereo_depth_yolo/install/stereo_depth_yolo/lib/stereo_depth_yolo/stereo_header_sync_node_exe" to ""
-- Installing: /workspaces/isaac_ros-dev/src/stereo_depth_yolo/install/stereo_depth_yolo/lib/libstereo_header_sync_node.so
-- Set runtime path of "/workspaces/isaac_ros-dev/src/stereo_depth_yolo/install/stereo_depth_yolo/lib/libstereo_header_sync_node.so" to ""
-- Installing: /workspaces/isaac_ros-dev/src/stereo_depth_yolo/install/stereo_depth_yolo/share/stereo_depth_yolo/launch
-- Installing: /workspaces/isaac_ros-dev/src/stereo_depth_yolo/install/stereo_depth_yolo/share/stereo_depth_yolo/launch/stereo_pipeline_old.launch.py
-- Installing: /workspaces/isaac_ros-dev/src/stereo_depth_yolo/install/stereo_depth_yolo/share/stereo_depth_yolo/launch/__pycache__
-- Installing: /workspaces/isaac_ros-dev/src/stereo_depth_yolo/install/stereo_depth_yolo/share/stereo_depth_yolo/launch/__pycache__/calib_cam.launch.cpython-310.pyc
-- Installing: /workspaces/isaac_ros-dev/src/stereo_depth_yolo/install/stereo_depth_yolo/share/stereo_depth_yolo/launch/stereo_pipeline.launch.py
-- Installing: /workspaces/isaac_ros-dev/src/stereo_depth_yolo/install/stereo_depth_yolo/share/stereo_depth_yolo/launch/calib_cam.launch.py
-- Installing: /workspaces/isaac_ros-dev/src/stereo_depth_yolo/install/stereo_depth_yolo/share/stereo_depth_yolo/config
-- Installing: /workspaces/isaac_ros-dev/src/stereo_depth_yolo/install/stereo_depth_yolo/share/stereo_depth_yolo/config/left.yaml
-- Installing: /workspaces/isaac_ros-dev/src/stereo_depth_yolo/install/stereo_depth_yolo/share/stereo_depth_yolo/config/model_big.plan
-- Installing: /workspaces/isaac_ros-dev/src/stereo_depth_yolo/install/stereo_depth_yolo/share/stereo_depth_yolo/config/old
-- Installing: /workspaces/isaac_ros-dev/src/stereo_depth_yolo/install/stereo_depth_yolo/share/stereo_depth_yolo/config/old/left.yaml
-- Installing: /workspaces/isaac_ros-dev/src/stereo_depth_yolo/install/stereo_depth_yolo/share/stereo_depth_yolo/config/old/right.yaml
-- Installing: /workspaces/isaac_ros-dev/src/stereo_depth_yolo/install/stereo_depth_yolo/share/stereo_depth_yolo/config/model.onnx
-- Installing: /workspaces/isaac_ros-dev/src/stereo_depth_yolo/install/stereo_depth_yolo/share/stereo_depth_yolo/config/right.yaml
-- Installing: /workspaces/isaac_ros-dev/src/stereo_depth_yolo/install/stereo_depth_yolo/lib/stereo_depth_yolo/spatial_detection_node.py
-- Installing: /workspaces/isaac_ros-dev/src/stereo_depth_yolo/install/stereo_depth_yolo/share/ament_index/resource_index/package_run_dependencies/stereo_depth_yolo
-- Installing: /workspaces/isaac_ros-dev/src/stereo_depth_yolo/install/stereo_depth_yolo/share/ament_index/resource_index/parent_prefix_path/stereo_depth_yolo
-- Installing: /workspaces/isaac_ros-dev/src/stereo_depth_yolo/install/stereo_depth_yolo/share/stereo_depth_yolo/environment/ament_prefix_path.sh
-- Installing: /workspaces/isaac_ros-dev/src/stereo_depth_yolo/install/stereo_depth_yolo/share/stereo_depth_yolo/environment/ament_prefix_path.dsv
-- Installing: /workspaces/isaac_ros-dev/src/stereo_depth_yolo/install/stereo_depth_yolo/share/stereo_depth_yolo/environment/path.sh
-- Installing: /workspaces/isaac_ros-dev/src/stereo_depth_yolo/install/stereo_depth_yolo/share/stereo_depth_yolo/environment/path.dsv
-- Installing: /workspaces/isaac_ros-dev/src/stereo_depth_yolo/install/stereo_depth_yolo/share/stereo_depth_yolo/local_setup.bash
-- Installing: /workspaces/isaac_ros-dev/src/stereo_depth_yolo/install/stereo_depth_yolo/share/stereo_depth_yolo/local_setup.sh
-- Installing: /workspaces/isaac_ros-dev/src/stereo_depth_yolo/install/stereo_depth_yolo/share/stereo_depth_yolo/local_setup.zsh
-- Installing: /workspaces/isaac_ros-dev/src/stereo_depth_yolo/install/stereo_depth_yolo/share/stereo_depth_yolo/local_setup.dsv
-- Installing: /workspaces/isaac_ros-dev/src/stereo_depth_yolo/install/stereo_depth_yolo/share/stereo_depth_yolo/package.dsv
-- Installing: /workspaces/isaac_ros-dev/src/stereo_depth_yolo/install/stereo_depth_yolo/share/ament_index/resource_index/packages/stereo_depth_yolo
-- Installing: /workspaces/isaac_ros-dev/src/stereo_depth_yolo/install/stereo_depth_yolo/share/ament_index/resource_index/rclcpp_components/stereo_depth_yolo
-- Installing: /workspaces/isaac_ros-dev/src/stereo_depth_yolo/install/stereo_depth_yolo/share/stereo_depth_yolo/cmake/stereo_depth_yoloConfig.cmake
-- Installing: /workspaces/isaac_ros-dev/src/stereo_depth_yolo/install/stereo_depth_yolo/share/stereo_depth_yolo/cmake/stereo_depth_yoloConfig-version.cmake
-- Installing: /workspaces/isaac_ros-dev/src/stereo_depth_yolo/install/stereo_depth_yolo/share/stereo_depth_yolo/package.xml
