[35m[1mConsolidate compiler generated dependencies of target stereo_header_sync_node[0m
[35m[1mConsolidate compiler generated dependencies of target stereo_header_sync_node_exe[0m
[100%] Built target stereo_header_sync_node
[100%] Built target stereo_header_sync_node_exe
-- Install configuration: ""
-- Up-to-date: /workspaces/isaac_ros-dev/src/stereo_depth_yolo/install/stereo_depth_yolo/lib/stereo_depth_yolo/stereo_header_sync_node_exe
-- Up-to-date: /workspaces/isaac_ros-dev/src/stereo_depth_yolo/install/stereo_depth_yolo/lib/libstereo_header_sync_node.so
-- Up-to-date: /workspaces/isaac_ros-dev/src/stereo_depth_yolo/install/stereo_depth_yolo/share/stereo_depth_yolo/launch
-- Up-to-date: /workspaces/isaac_ros-dev/src/stereo_depth_yolo/install/stereo_depth_yolo/share/stereo_depth_yolo/launch/stereo_pipeline_old.launch.py
-- Up-to-date: /workspaces/isaac_ros-dev/src/stereo_depth_yolo/install/stereo_depth_yolo/share/stereo_depth_yolo/launch/__pycache__
-- Up-to-date: /workspaces/isaac_ros-dev/src/stereo_depth_yolo/install/stereo_depth_yolo/share/stereo_depth_yolo/launch/__pycache__/calib_cam.launch.cpython-310.pyc
-- Installing: /workspaces/isaac_ros-dev/src/stereo_depth_yolo/install/stereo_depth_yolo/share/stereo_depth_yolo/launch/stereo_pipeline.launch.py
-- Up-to-date: /workspaces/isaac_ros-dev/src/stereo_depth_yolo/install/stereo_depth_yolo/share/stereo_depth_yolo/launch/calib_cam.launch.py
-- Up-to-date: /workspaces/isaac_ros-dev/src/stereo_depth_yolo/install/stereo_depth_yolo/share/stereo_depth_yolo/config
-- Up-to-date: /workspaces/isaac_ros-dev/src/stereo_depth_yolo/install/stereo_depth_yolo/share/stereo_depth_yolo/config/left.yaml
-- Up-to-date: /workspaces/isaac_ros-dev/src/stereo_depth_yolo/install/stereo_depth_yolo/share/stereo_depth_yolo/config/model_big.plan
-- Up-to-date: /workspaces/isaac_ros-dev/src/stereo_depth_yolo/install/stereo_depth_yolo/share/stereo_depth_yolo/config/old
-- Up-to-date: /workspaces/isaac_ros-dev/src/stereo_depth_yolo/install/stereo_depth_yolo/share/stereo_depth_yolo/config/old/left.yaml
-- Up-to-date: /workspaces/isaac_ros-dev/src/stereo_depth_yolo/install/stereo_depth_yolo/share/stereo_depth_yolo/config/old/right.yaml
-- Up-to-date: /workspaces/isaac_ros-dev/src/stereo_depth_yolo/install/stereo_depth_yolo/share/stereo_depth_yolo/config/model.onnx
-- Up-to-date: /workspaces/isaac_ros-dev/src/stereo_depth_yolo/install/stereo_depth_yolo/share/stereo_depth_yolo/config/right.yaml
-- Installing: /workspaces/isaac_ros-dev/src/stereo_depth_yolo/install/stereo_depth_yolo/lib/stereo_depth_yolo/spatial_detection_node.py
-- Up-to-date: /workspaces/isaac_ros-dev/src/stereo_depth_yolo/install/stereo_depth_yolo/share/ament_index/resource_index/package_run_dependencies/stereo_depth_yolo
-- Up-to-date: /workspaces/isaac_ros-dev/src/stereo_depth_yolo/install/stereo_depth_yolo/share/ament_index/resource_index/parent_prefix_path/stereo_depth_yolo
-- Up-to-date: /workspaces/isaac_ros-dev/src/stereo_depth_yolo/install/stereo_depth_yolo/share/stereo_depth_yolo/environment/ament_prefix_path.sh
-- Up-to-date: /workspaces/isaac_ros-dev/src/stereo_depth_yolo/install/stereo_depth_yolo/share/stereo_depth_yolo/environment/ament_prefix_path.dsv
-- Up-to-date: /workspaces/isaac_ros-dev/src/stereo_depth_yolo/install/stereo_depth_yolo/share/stereo_depth_yolo/environment/path.sh
-- Up-to-date: /workspaces/isaac_ros-dev/src/stereo_depth_yolo/install/stereo_depth_yolo/share/stereo_depth_yolo/environment/path.dsv
-- Up-to-date: /workspaces/isaac_ros-dev/src/stereo_depth_yolo/install/stereo_depth_yolo/share/stereo_depth_yolo/local_setup.bash
-- Up-to-date: /workspaces/isaac_ros-dev/src/stereo_depth_yolo/install/stereo_depth_yolo/share/stereo_depth_yolo/local_setup.sh
-- Up-to-date: /workspaces/isaac_ros-dev/src/stereo_depth_yolo/install/stereo_depth_yolo/share/stereo_depth_yolo/local_setup.zsh
-- Up-to-date: /workspaces/isaac_ros-dev/src/stereo_depth_yolo/install/stereo_depth_yolo/share/stereo_depth_yolo/local_setup.dsv
-- Installing: /workspaces/isaac_ros-dev/src/stereo_depth_yolo/install/stereo_depth_yolo/share/stereo_depth_yolo/package.dsv
-- Up-to-date: /workspaces/isaac_ros-dev/src/stereo_depth_yolo/install/stereo_depth_yolo/share/ament_index/resource_index/packages/stereo_depth_yolo
-- Up-to-date: /workspaces/isaac_ros-dev/src/stereo_depth_yolo/install/stereo_depth_yolo/share/ament_index/resource_index/rclcpp_components/stereo_depth_yolo
-- Up-to-date: /workspaces/isaac_ros-dev/src/stereo_depth_yolo/install/stereo_depth_yolo/share/stereo_depth_yolo/cmake/stereo_depth_yoloConfig.cmake
-- Up-to-date: /workspaces/isaac_ros-dev/src/stereo_depth_yolo/install/stereo_depth_yolo/share/stereo_depth_yolo/cmake/stereo_depth_yoloConfig-version.cmake
-- Up-to-date: /workspaces/isaac_ros-dev/src/stereo_depth_yolo/install/stereo_depth_yolo/share/stereo_depth_yolo/package.xml
