[0.408s] DEBUG:colcon:Command line arguments: ['/usr/bin/colcon', 'build', '--packages-select', 'stereo_depth_yolo']
[0.408s] DEBUG:colcon:Parsed command line arguments: Namespace(log_base=None, log_level=None, verb_name='build', build_base='build', install_base='install', merge_install=False, symlink_install=False, test_result_base=None, continue_on_error=False, executor='parallel', parallel_workers=6, event_handlers=None, ignore_user_meta=False, metas=['./colcon.meta'], base_paths=['.'], packages_ignore=None, packages_ignore_regex=None, paths=None, packages_up_to=None, packages_up_to_regex=None, packages_above=None, packages_above_and_dependencies=None, packages_above_depth=None, packages_select_by_dep=None, packages_skip_by_dep=None, packages_skip_up_to=None, packages_select_build_failed=False, packages_skip_build_finished=False, packages_select_test_failures=False, packages_skip_test_passed=False, packages_select=['stereo_depth_yolo'], packages_skip=None, packages_select_regex=None, packages_skip_regex=None, packages_start=None, packages_end=None, allow_overriding=[], cmake_args=None, cmake_target=None, cmake_target_skip_unavailable=False, cmake_clean_cache=False, cmake_clean_first=False, cmake_force_configure=False, ament_cmake_args=None, catkin_cmake_args=None, catkin_skip_building_tests=False, verb_parser=<colcon_defaults.argument_parser.defaults.DefaultArgumentsDecorator object at 0xffff86a206d0>, verb_extension=<colcon_core.verb.build.BuildVerb object at 0xffff86bd1c90>, main=<bound method BuildVerb.main of <colcon_core.verb.build.BuildVerb object at 0xffff86bd1c90>>)
[1.036s] Level 1:colcon.colcon_core.package_discovery:discover_packages(colcon_meta) check parameters
[1.036s] Level 1:colcon.colcon_core.package_discovery:discover_packages(recursive) check parameters
[1.037s] Level 1:colcon.colcon_core.package_discovery:discover_packages(ignore) check parameters
[1.037s] Level 1:colcon.colcon_core.package_discovery:discover_packages(path) check parameters
[1.037s] Level 1:colcon.colcon_core.package_discovery:discover_packages(colcon_meta) discover
[1.037s] Level 1:colcon.colcon_core.package_discovery:discover_packages(recursive) discover
[1.037s] INFO:colcon.colcon_core.package_discovery:Crawling recursively for packages in '/workspaces/isaac_ros-dev/src/stereo_depth_yolo'
[1.037s] Level 1:colcon.colcon_core.package_identification:_identify(.) by extensions ['ignore', 'ignore_ament_install']
[1.037s] Level 1:colcon.colcon_core.package_identification:_identify(.) by extension 'ignore'
[1.038s] Level 1:colcon.colcon_core.package_identification:_identify(.) by extension 'ignore_ament_install'
[1.038s] Level 1:colcon.colcon_core.package_identification:_identify(.) by extensions ['colcon_pkg']
[1.038s] Level 1:colcon.colcon_core.package_identification:_identify(.) by extension 'colcon_pkg'
[1.038s] Level 1:colcon.colcon_core.package_identification:_identify(.) by extensions ['colcon_meta']
[1.038s] Level 1:colcon.colcon_core.package_identification:_identify(.) by extension 'colcon_meta'
[1.038s] Level 1:colcon.colcon_core.package_identification:_identify(.) by extensions ['ros']
[1.038s] Level 1:colcon.colcon_core.package_identification:_identify(.) by extension 'ros'
[1.093s] DEBUG:colcon.colcon_core.package_identification:Package '.' with type 'ros.ament_cmake' and name 'stereo_depth_yolo'
[1.093s] Level 1:colcon.colcon_core.package_discovery:discover_packages(recursive) using defaults
[1.093s] Level 1:colcon.colcon_core.package_discovery:discover_packages(ignore) discover
[1.094s] Level 1:colcon.colcon_core.package_discovery:discover_packages(ignore) using defaults
[1.094s] Level 1:colcon.colcon_core.package_discovery:discover_packages(path) discover
[1.094s] Level 1:colcon.colcon_core.package_discovery:discover_packages(path) using defaults
[1.142s] Level 1:colcon.colcon_core.package_discovery:discover_packages(prefix_path) check parameters
[1.142s] Level 1:colcon.colcon_core.package_discovery:discover_packages(prefix_path) discover
[1.161s] DEBUG:colcon.colcon_installed_package_information.package_discovery:Found 87 installed packages in /workspaces/isaac_ros-dev/install
[1.171s] DEBUG:colcon.colcon_installed_package_information.package_discovery:Found 402 installed packages in /opt/ros/humble
[1.174s] Level 1:colcon.colcon_core.package_discovery:discover_packages(prefix_path) using defaults
[1.350s] Level 5:colcon.colcon_core.verb:set package 'stereo_depth_yolo' build argument 'cmake_args' from command line to 'None'
[1.350s] Level 5:colcon.colcon_core.verb:set package 'stereo_depth_yolo' build argument 'cmake_target' from command line to 'None'
[1.350s] Level 5:colcon.colcon_core.verb:set package 'stereo_depth_yolo' build argument 'cmake_target_skip_unavailable' from command line to 'False'
[1.350s] Level 5:colcon.colcon_core.verb:set package 'stereo_depth_yolo' build argument 'cmake_clean_cache' from command line to 'False'
[1.350s] Level 5:colcon.colcon_core.verb:set package 'stereo_depth_yolo' build argument 'cmake_clean_first' from command line to 'False'
[1.350s] Level 5:colcon.colcon_core.verb:set package 'stereo_depth_yolo' build argument 'cmake_force_configure' from command line to 'False'
[1.350s] Level 5:colcon.colcon_core.verb:set package 'stereo_depth_yolo' build argument 'ament_cmake_args' from command line to 'None'
[1.351s] Level 5:colcon.colcon_core.verb:set package 'stereo_depth_yolo' build argument 'catkin_cmake_args' from command line to 'None'
[1.351s] Level 5:colcon.colcon_core.verb:set package 'stereo_depth_yolo' build argument 'catkin_skip_building_tests' from command line to 'False'
[1.351s] DEBUG:colcon.colcon_core.verb:Building package 'stereo_depth_yolo' with the following arguments: {'ament_cmake_args': None, 'build_base': '/workspaces/isaac_ros-dev/src/stereo_depth_yolo/build/stereo_depth_yolo', 'catkin_cmake_args': None, 'catkin_skip_building_tests': False, 'cmake_args': None, 'cmake_clean_cache': False, 'cmake_clean_first': False, 'cmake_force_configure': False, 'cmake_target': None, 'cmake_target_skip_unavailable': False, 'install_base': '/workspaces/isaac_ros-dev/src/stereo_depth_yolo/install/stereo_depth_yolo', 'merge_install': False, 'path': '/workspaces/isaac_ros-dev/src/stereo_depth_yolo', 'symlink_install': False, 'test_result_base': None}
[1.351s] INFO:colcon.colcon_core.executor:Executing jobs using 'parallel' executor
[1.353s] DEBUG:colcon.colcon_parallel_executor.executor.parallel:run_until_complete
[1.353s] INFO:colcon.colcon_ros.task.ament_cmake.build:Building ROS package in '/workspaces/isaac_ros-dev/src/stereo_depth_yolo' with build type 'ament_cmake'
[1.354s] INFO:colcon.colcon_cmake.task.cmake.build:Building CMake package in '/workspaces/isaac_ros-dev/src/stereo_depth_yolo'
[1.360s] INFO:colcon.colcon_core.plugin_system:Skipping extension 'colcon_core.shell.bat': Not used on non-Windows systems
[1.361s] INFO:colcon.colcon_core.shell:Skip shell extension 'powershell' for command environment: Not usable outside of PowerShell
[1.361s] DEBUG:colcon.colcon_core.shell:Skip shell extension 'dsv' for command environment
[1.393s] DEBUG:colcon.colcon_core.event_handler.log_command:Invoking command in '/workspaces/isaac_ros-dev/src/stereo_depth_yolo/build/stereo_depth_yolo': CMAKE_PREFIX_PATH=${CMAKE_PREFIX_PATH}:/workspaces/isaac_ros-dev/install/isaac_ros_test:/workspaces/isaac_ros-dev/install/isaac_ros_pynitros:/workspaces/isaac_ros-dev/install/isaac_ros_rosbag_utils:/workspaces/isaac_ros-dev/install/isaac_ros_launch_utils:/workspaces/isaac_ros-dev/install/isaac_common_py:/opt/ros/humble /usr/bin/cmake /workspaces/isaac_ros-dev/src/stereo_depth_yolo -DCMAKE_INSTALL_PREFIX=/workspaces/isaac_ros-dev/src/stereo_depth_yolo/install/stereo_depth_yolo
[6.778s] DEBUG:colcon.colcon_core.event_handler.log_command:Invoked command in '/workspaces/isaac_ros-dev/src/stereo_depth_yolo/build/stereo_depth_yolo' returned '0': CMAKE_PREFIX_PATH=${CMAKE_PREFIX_PATH}:/workspaces/isaac_ros-dev/install/isaac_ros_test:/workspaces/isaac_ros-dev/install/isaac_ros_pynitros:/workspaces/isaac_ros-dev/install/isaac_ros_rosbag_utils:/workspaces/isaac_ros-dev/install/isaac_ros_launch_utils:/workspaces/isaac_ros-dev/install/isaac_common_py:/opt/ros/humble /usr/bin/cmake /workspaces/isaac_ros-dev/src/stereo_depth_yolo -DCMAKE_INSTALL_PREFIX=/workspaces/isaac_ros-dev/src/stereo_depth_yolo/install/stereo_depth_yolo
[6.780s] DEBUG:colcon.colcon_core.event_handler.log_command:Invoking command in '/workspaces/isaac_ros-dev/src/stereo_depth_yolo/build/stereo_depth_yolo': CMAKE_PREFIX_PATH=${CMAKE_PREFIX_PATH}:/workspaces/isaac_ros-dev/install/isaac_ros_test:/workspaces/isaac_ros-dev/install/isaac_ros_pynitros:/workspaces/isaac_ros-dev/install/isaac_ros_rosbag_utils:/workspaces/isaac_ros-dev/install/isaac_ros_launch_utils:/workspaces/isaac_ros-dev/install/isaac_common_py:/opt/ros/humble /usr/bin/cmake --build /workspaces/isaac_ros-dev/src/stereo_depth_yolo/build/stereo_depth_yolo -- -j6 -l6
[29.857s] DEBUG:colcon.colcon_core.event_handler.log_command:Invoked command in '/workspaces/isaac_ros-dev/src/stereo_depth_yolo/build/stereo_depth_yolo' returned '0': CMAKE_PREFIX_PATH=${CMAKE_PREFIX_PATH}:/workspaces/isaac_ros-dev/install/isaac_ros_test:/workspaces/isaac_ros-dev/install/isaac_ros_pynitros:/workspaces/isaac_ros-dev/install/isaac_ros_rosbag_utils:/workspaces/isaac_ros-dev/install/isaac_ros_launch_utils:/workspaces/isaac_ros-dev/install/isaac_common_py:/opt/ros/humble /usr/bin/cmake --build /workspaces/isaac_ros-dev/src/stereo_depth_yolo/build/stereo_depth_yolo -- -j6 -l6
[29.886s] DEBUG:colcon.colcon_core.event_handler.log_command:Invoking command in '/workspaces/isaac_ros-dev/src/stereo_depth_yolo/build/stereo_depth_yolo': CMAKE_PREFIX_PATH=${CMAKE_PREFIX_PATH}:/workspaces/isaac_ros-dev/install/isaac_ros_test:/workspaces/isaac_ros-dev/install/isaac_ros_pynitros:/workspaces/isaac_ros-dev/install/isaac_ros_rosbag_utils:/workspaces/isaac_ros-dev/install/isaac_ros_launch_utils:/workspaces/isaac_ros-dev/install/isaac_common_py:/opt/ros/humble /usr/bin/cmake --install /workspaces/isaac_ros-dev/src/stereo_depth_yolo/build/stereo_depth_yolo
[30.010s] Level 1:colcon.colcon_core.environment:create_environment_scripts_only(stereo_depth_yolo)
[30.011s] DEBUG:colcon.colcon_core.event_handler.log_command:Invoked command in '/workspaces/isaac_ros-dev/src/stereo_depth_yolo/build/stereo_depth_yolo' returned '0': CMAKE_PREFIX_PATH=${CMAKE_PREFIX_PATH}:/workspaces/isaac_ros-dev/install/isaac_ros_test:/workspaces/isaac_ros-dev/install/isaac_ros_pynitros:/workspaces/isaac_ros-dev/install/isaac_ros_rosbag_utils:/workspaces/isaac_ros-dev/install/isaac_ros_launch_utils:/workspaces/isaac_ros-dev/install/isaac_common_py:/opt/ros/humble /usr/bin/cmake --install /workspaces/isaac_ros-dev/src/stereo_depth_yolo/build/stereo_depth_yolo
[30.018s] Level 1:colcon.colcon_core.environment:checking '/workspaces/isaac_ros-dev/src/stereo_depth_yolo/install/stereo_depth_yolo' for CMake module files
[30.019s] Level 1:colcon.colcon_core.environment:checking '/workspaces/isaac_ros-dev/src/stereo_depth_yolo/install/stereo_depth_yolo' for CMake config files
[30.020s] Level 1:colcon.colcon_core.shell:create_environment_hook('stereo_depth_yolo', 'cmake_prefix_path')
[30.020s] INFO:colcon.colcon_core.shell:Creating environment hook '/workspaces/isaac_ros-dev/src/stereo_depth_yolo/install/stereo_depth_yolo/share/stereo_depth_yolo/hook/cmake_prefix_path.ps1'
[30.022s] INFO:colcon.colcon_core.shell:Creating environment descriptor '/workspaces/isaac_ros-dev/src/stereo_depth_yolo/install/stereo_depth_yolo/share/stereo_depth_yolo/hook/cmake_prefix_path.dsv'
[30.023s] INFO:colcon.colcon_core.shell:Creating environment hook '/workspaces/isaac_ros-dev/src/stereo_depth_yolo/install/stereo_depth_yolo/share/stereo_depth_yolo/hook/cmake_prefix_path.sh'
[30.025s] Level 1:colcon.colcon_core.environment:checking '/workspaces/isaac_ros-dev/src/stereo_depth_yolo/install/stereo_depth_yolo/lib'
[30.025s] Level 1:colcon.colcon_core.shell:create_environment_hook('stereo_depth_yolo', 'ld_library_path_lib')
[30.025s] INFO:colcon.colcon_core.shell:Creating environment hook '/workspaces/isaac_ros-dev/src/stereo_depth_yolo/install/stereo_depth_yolo/share/stereo_depth_yolo/hook/ld_library_path_lib.ps1'
[30.026s] INFO:colcon.colcon_core.shell:Creating environment descriptor '/workspaces/isaac_ros-dev/src/stereo_depth_yolo/install/stereo_depth_yolo/share/stereo_depth_yolo/hook/ld_library_path_lib.dsv'
[30.027s] INFO:colcon.colcon_core.shell:Creating environment hook '/workspaces/isaac_ros-dev/src/stereo_depth_yolo/install/stereo_depth_yolo/share/stereo_depth_yolo/hook/ld_library_path_lib.sh'
[30.027s] Level 1:colcon.colcon_core.environment:checking '/workspaces/isaac_ros-dev/src/stereo_depth_yolo/install/stereo_depth_yolo/bin'
[30.027s] Level 1:colcon.colcon_core.environment:checking '/workspaces/isaac_ros-dev/src/stereo_depth_yolo/install/stereo_depth_yolo/lib/pkgconfig/stereo_depth_yolo.pc'
[30.028s] Level 1:colcon.colcon_core.environment:checking '/workspaces/isaac_ros-dev/src/stereo_depth_yolo/install/stereo_depth_yolo/lib/python3.10/site-packages'
[30.028s] Level 1:colcon.colcon_core.environment:checking '/workspaces/isaac_ros-dev/src/stereo_depth_yolo/install/stereo_depth_yolo/bin'
[30.029s] INFO:colcon.colcon_core.shell:Creating package script '/workspaces/isaac_ros-dev/src/stereo_depth_yolo/install/stereo_depth_yolo/share/stereo_depth_yolo/package.ps1'
[30.030s] INFO:colcon.colcon_core.shell:Creating package descriptor '/workspaces/isaac_ros-dev/src/stereo_depth_yolo/install/stereo_depth_yolo/share/stereo_depth_yolo/package.dsv'
[30.032s] INFO:colcon.colcon_core.shell:Creating package script '/workspaces/isaac_ros-dev/src/stereo_depth_yolo/install/stereo_depth_yolo/share/stereo_depth_yolo/package.sh'
[30.033s] INFO:colcon.colcon_core.shell:Creating package script '/workspaces/isaac_ros-dev/src/stereo_depth_yolo/install/stereo_depth_yolo/share/stereo_depth_yolo/package.bash'
[30.034s] INFO:colcon.colcon_core.shell:Creating package script '/workspaces/isaac_ros-dev/src/stereo_depth_yolo/install/stereo_depth_yolo/share/stereo_depth_yolo/package.zsh'
[30.035s] Level 1:colcon.colcon_core.environment:create_file_with_runtime_dependencies(/workspaces/isaac_ros-dev/src/stereo_depth_yolo/install/stereo_depth_yolo/share/colcon-core/packages/stereo_depth_yolo)
[30.037s] Level 1:colcon.colcon_core.environment:create_environment_scripts_only(stereo_depth_yolo)
[30.037s] Level 1:colcon.colcon_core.environment:checking '/workspaces/isaac_ros-dev/src/stereo_depth_yolo/install/stereo_depth_yolo' for CMake module files
[30.038s] Level 1:colcon.colcon_core.environment:checking '/workspaces/isaac_ros-dev/src/stereo_depth_yolo/install/stereo_depth_yolo' for CMake config files
[30.038s] Level 1:colcon.colcon_core.shell:create_environment_hook('stereo_depth_yolo', 'cmake_prefix_path')
[30.039s] INFO:colcon.colcon_core.shell:Creating environment hook '/workspaces/isaac_ros-dev/src/stereo_depth_yolo/install/stereo_depth_yolo/share/stereo_depth_yolo/hook/cmake_prefix_path.ps1'
[30.039s] INFO:colcon.colcon_core.shell:Creating environment descriptor '/workspaces/isaac_ros-dev/src/stereo_depth_yolo/install/stereo_depth_yolo/share/stereo_depth_yolo/hook/cmake_prefix_path.dsv'
[30.040s] INFO:colcon.colcon_core.shell:Creating environment hook '/workspaces/isaac_ros-dev/src/stereo_depth_yolo/install/stereo_depth_yolo/share/stereo_depth_yolo/hook/cmake_prefix_path.sh'
[30.041s] Level 1:colcon.colcon_core.environment:checking '/workspaces/isaac_ros-dev/src/stereo_depth_yolo/install/stereo_depth_yolo/lib'
[30.041s] Level 1:colcon.colcon_core.shell:create_environment_hook('stereo_depth_yolo', 'ld_library_path_lib')
[30.041s] INFO:colcon.colcon_core.shell:Creating environment hook '/workspaces/isaac_ros-dev/src/stereo_depth_yolo/install/stereo_depth_yolo/share/stereo_depth_yolo/hook/ld_library_path_lib.ps1'
[30.042s] INFO:colcon.colcon_core.shell:Creating environment descriptor '/workspaces/isaac_ros-dev/src/stereo_depth_yolo/install/stereo_depth_yolo/share/stereo_depth_yolo/hook/ld_library_path_lib.dsv'
[30.043s] INFO:colcon.colcon_core.shell:Creating environment hook '/workspaces/isaac_ros-dev/src/stereo_depth_yolo/install/stereo_depth_yolo/share/stereo_depth_yolo/hook/ld_library_path_lib.sh'
[30.044s] Level 1:colcon.colcon_core.environment:checking '/workspaces/isaac_ros-dev/src/stereo_depth_yolo/install/stereo_depth_yolo/bin'
[30.044s] Level 1:colcon.colcon_core.environment:checking '/workspaces/isaac_ros-dev/src/stereo_depth_yolo/install/stereo_depth_yolo/lib/pkgconfig/stereo_depth_yolo.pc'
[30.044s] Level 1:colcon.colcon_core.environment:checking '/workspaces/isaac_ros-dev/src/stereo_depth_yolo/install/stereo_depth_yolo/lib/python3.10/site-packages'
[30.045s] Level 1:colcon.colcon_core.environment:checking '/workspaces/isaac_ros-dev/src/stereo_depth_yolo/install/stereo_depth_yolo/bin'
[30.045s] INFO:colcon.colcon_core.shell:Creating package script '/workspaces/isaac_ros-dev/src/stereo_depth_yolo/install/stereo_depth_yolo/share/stereo_depth_yolo/package.ps1'
[30.046s] INFO:colcon.colcon_core.shell:Creating package descriptor '/workspaces/isaac_ros-dev/src/stereo_depth_yolo/install/stereo_depth_yolo/share/stereo_depth_yolo/package.dsv'
[30.047s] INFO:colcon.colcon_core.shell:Creating package script '/workspaces/isaac_ros-dev/src/stereo_depth_yolo/install/stereo_depth_yolo/share/stereo_depth_yolo/package.sh'
[30.048s] INFO:colcon.colcon_core.shell:Creating package script '/workspaces/isaac_ros-dev/src/stereo_depth_yolo/install/stereo_depth_yolo/share/stereo_depth_yolo/package.bash'
[30.049s] INFO:colcon.colcon_core.shell:Creating package script '/workspaces/isaac_ros-dev/src/stereo_depth_yolo/install/stereo_depth_yolo/share/stereo_depth_yolo/package.zsh'
[30.049s] Level 1:colcon.colcon_core.environment:create_file_with_runtime_dependencies(/workspaces/isaac_ros-dev/src/stereo_depth_yolo/install/stereo_depth_yolo/share/colcon-core/packages/stereo_depth_yolo)
[30.050s] DEBUG:colcon.colcon_parallel_executor.executor.parallel:closing loop
[30.050s] DEBUG:colcon.colcon_parallel_executor.executor.parallel:loop closed
[30.051s] DEBUG:colcon.colcon_parallel_executor.executor.parallel:run_until_complete finished with '0'
[30.051s] DEBUG:colcon.colcon_core.event_reactor:joining thread
[30.073s] INFO:colcon.colcon_core.plugin_system:Skipping extension 'colcon_notification.desktop_notification.notify_send': Could not find 'notify-send'
[30.073s] INFO:colcon.colcon_core.plugin_system:Skipping extension 'colcon_notification.desktop_notification.terminal_notifier': Not used on non-Darwin systems
[30.074s] INFO:colcon.colcon_core.plugin_system:Skipping extension 'colcon_notification.desktop_notification.win32': Not used on non-Windows systems
[30.074s] INFO:colcon.colcon_notification.desktop_notification:Sending desktop notification using 'notify2'
[30.074s] DEBUG:colcon.colcon_notification.desktop_notification.notify2:Failed to initialize notify2: org.freedesktop.DBus.Error.NotSupported: Unable to autolaunch a dbus-daemon without a $DISPLAY for X11
[30.074s] DEBUG:colcon.colcon_core.event_reactor:joined thread
[30.075s] INFO:colcon.colcon_core.shell:Creating prefix script '/workspaces/isaac_ros-dev/src/stereo_depth_yolo/install/local_setup.ps1'
[30.077s] INFO:colcon.colcon_core.shell:Creating prefix util module '/workspaces/isaac_ros-dev/src/stereo_depth_yolo/install/_local_setup_util_ps1.py'
[30.079s] INFO:colcon.colcon_core.shell:Creating prefix chain script '/workspaces/isaac_ros-dev/src/stereo_depth_yolo/install/setup.ps1'
[30.088s] INFO:colcon.colcon_core.shell:Creating prefix script '/workspaces/isaac_ros-dev/src/stereo_depth_yolo/install/local_setup.sh'
[30.089s] INFO:colcon.colcon_core.shell:Creating prefix util module '/workspaces/isaac_ros-dev/src/stereo_depth_yolo/install/_local_setup_util_sh.py'
[30.090s] INFO:colcon.colcon_core.shell:Creating prefix chain script '/workspaces/isaac_ros-dev/src/stereo_depth_yolo/install/setup.sh'
[30.098s] INFO:colcon.colcon_core.shell:Creating prefix script '/workspaces/isaac_ros-dev/src/stereo_depth_yolo/install/local_setup.bash'
[30.099s] INFO:colcon.colcon_core.shell:Creating prefix chain script '/workspaces/isaac_ros-dev/src/stereo_depth_yolo/install/setup.bash'
[30.107s] INFO:colcon.colcon_core.shell:Creating prefix script '/workspaces/isaac_ros-dev/src/stereo_depth_yolo/install/local_setup.zsh'
[30.109s] INFO:colcon.colcon_core.shell:Creating prefix chain script '/workspaces/isaac_ros-dev/src/stereo_depth_yolo/install/setup.zsh'
